[2026-09-17 13:19:09] checkWebAuth OK (user_id=1) on /public/notification/get
[2026-09-17 13:19:12] checkWebAuth OK (user_id=1) on /public/notification/get
[2026-09-17 13:19:15] checkWebAuth OK (user_id=1) on /public/main
[2026-09-17 13:19:15] checkWebAuth OK (user_id=1) on /public/notification/get
[2026-09-17 13:19:15] checkWebAuth OK (user_id=1) on /public/fiscal_years/get?company_id=1
[2026-09-17 13:19:15] checkWebAuth OK (user_id=1) on /public/fiscal_years/get?company_id=1
[2026-09-17 13:20:00] checkWebAuth OK (user_id=1) on /public/notification/get
[2026-09-17 13:20:01] checkWebAuth OK (user_id=1) on /public/post_it
[2026-09-17 13:20:02] checkWebAuth OK (user_id=1) on /public/notification/get
[2026-09-17 13:20:13] checkWebAuth OK (user_id=1) on /public/tasks
[2026-09-17 13:20:14] checkWebAuth OK (user_id=1) on /public/notification/get
[2026-09-17 13:20:15] checkWebAuth OK (user_id=1) on /public/notification/get
[2026-09-17 13:20:16] checkWebAuth OK (user_id=1) on /public/tasks
[2026-09-17 13:20:17] checkWebAuth OK (user_id=1) on /public/notification/get
[2026-09-17 13:20:18] checkWebAuth OK (user_id=1) on /public/employee
[2026-09-17 13:20:18] checkWebAuth OK (user_id=1) on /public/notification/get
[2026-09-17 13:20:23] checkWebAuth OK (user_id=1) on /public/main
[2026-09-17 13:20:24] checkWebAuth OK (user_id=1) on /public/fiscal_years/get?company_id=1
[2026-09-17 13:20:24] checkWebAuth OK (user_id=1) on /public/notification/get
[2026-09-17 13:20:24] checkWebAuth OK (user_id=1) on /public/fiscal_years/get?company_id=1
[2026-09-17 13:20:24] checkWebAuth OK (user_id=1) on /public/fiscal_years/set_context
[2026-09-17 13:20:24] checkWebAuth OK (user_id=1) on /public/backoffice
[2026-09-17 13:20:25] checkWebAuth OK (user_id=1) on /public/notification/get
[2026-09-17 13:20:26] checkWebAuth OK (user_id=1) on /public/fiscal_years/set_context
[2026-09-17 13:20:26] checkWebAuth OK (user_id=1) on /public/backoffice
[2026-09-17 13:20:26] checkWebAuth OK (user_id=1) on /public/notification/get
[2026-09-17 13:20:29] checkWebAuth OK (user_id=1) on /public/employee
[2026-09-17 13:20:29] checkWebAuth OK (user_id=1) on /public/notification/get
[2026-09-17 13:20:32] checkWebAuth OK (user_id=1) on /public/assign_task
[2026-09-17 13:20:32] checkWebAuth OK (user_id=1) on /public/notification/get
